Jasons-MacBook-Air-2:desktop JasonsMAC$ mkdir GitHubRepoAssignment
Jasons-MacBook-Air-2:desktop JasonsMAC$ cd GitHubRepoAssignment
Jasons-MacBook-Air-2:GitHubRepoAssignment JasonsMAC$ git init
Initialized empty Git repository in /Users/JasonsMAC/Desktop/GitHubRepoAssignment/.git/
Jasons-MacBook-Air-2:GitHubRepoAssignment JasonsMAC$ touch readme.md
Jasons-MacBook-Air-2:GitHubRepoAssignment JasonsMAC$ nano readme.md
Jasons-MacBook-Air-2:GitHubRepoAssignment JasonsMAC$ git status
On branch master

No commits yet

Untracked files:
  (use "git add <file>..." to include in what will be committed)

	readme.md

nothing added to commit but untracked files present (use "git add" to track)
Jasons-MacBook-Air-2:GitHubRepoAssignment JasonsMAC$ git add .
Jasons-MacBook-Air-2:GitHubRepoAssignment JasonsMAC$ git commit -m "Created a basic readme file to explain this assignment"
[master (root-commit) d0826c5] Created a basic readme file to explain this assignment
 1 file changed, 3 insertions(+)
 create mode 100644 readme.md
Jasons-MacBook-Air-2:GitHubRepoAssignment JasonsMAC$ git push
fatal: No configured push destination.
Either specify the URL from the command-line or configure a remote repository using

    git remote add <name> <url>

and then push using the remote name

    git push <name>

Jasons-MacBook-Air-2:GitHubRepoAssignment JasonsMAC$ git remote add origin https://github.com/cicinuna/GitHubRepoAssignment.git
Jasons-MacBook-Air-2:GitHubRepoAssignment JasonsMAC$ git push -u origin master
Counting objects: 3, done.
Delta compression using up to 4 threads.
Compressing objects: 100% (2/2), done.
Writing objects: 100% (3/3), 342 bytes | 342.00 KiB/s, done.
Total 3 (delta 0), reused 0 (delta 0)
To https://github.com/cicinuna/GitHubRepoAssignment.git
 * [new branch]      master -> master
Branch master set up to track remote branch master from origin.